../Core/Src/main.c:82:5:main	32	static
../Core/Src/main.c:206:6:SystemClock_Config	120	static
../Core/Src/main.c:257:13:MX_I2C1_Init	8	static
../Core/Src/main.c:305:13:MX_TIM1_Init	8	static
../Core/Src/main.c:333:6:EXTI0_IRQHandler	8	static
../Core/Src/main.c:339:6:HAL_GPIO_EXTI_Callback	16	static
../Core/Src/main.c:353:13:MX_USART3_UART_Init	8	static
../Core/Src/main.c:386:13:MX_GPIO_Init	40	static
../Core/Src/main.c:425:6:MPU_Config	24	static
../Core/Src/main.c:452:6:data_ready_handler	24	static
../Core/Src/main.c:471:6:Error_Handler	8	static,ignoring_inline_asm
